// Jest Snapshot v1, https://goo.gl/fbAQLP

exports[`Pruebas en <GifItem/> Debe de coincidir con el snapshot 1`] = `
<div>
  <div
    class="card"
  >
    <img
      alt="Goku"
      src="https://goku.com/gif.gif"
    />
    <p>
      Goku
    </p>
  </div>
</div>
`;
